Archive member included because of file (symbol)

C:/Freescale/CW MCU v10.5/MCU/ARM_GCC_Support/ewl/lib/armv6-m\libc.a(exit.o)
                              ./Project_Settings/Startup_Code/__arm_start.o (exit)
C:/Freescale/CW MCU v10.5/MCU/ARM_GCC_Support/ewl/lib/armv6-m\libc.a(memset.o)
                              ./Project_Settings/Startup_Code/__arm_start.o (memset)
C:/Freescale/CW MCU v10.5/MCU/ARM_GCC_Support/ewl/lib/armv6-m\libc.a(strlen.o)
                              ./Sources/printf.o (strlen)
C:/Freescale/CW MCU v10.5/MCU/ARM_GCC_Support/ewl/lib/armv6-m\libc.a(printformat_.o)
                              (__pformatter_)
C:/Freescale/CW MCU v10.5/MCU/ARM_GCC_Support/ewl/lib/armv6-m\libc.a(scanformat_.o)
                              (__sformatter)
C:/Freescale/CW MCU v10.5/MCU/ARM_GCC_Support/ewl/lib/armv6-m\libc.a(ctype_aeabi.o)
                              C:/Freescale/CW MCU v10.5/MCU/ARM_GCC_Support/ewl/lib/armv6-m\libc.a(scanformat_.o) (isspace)
C:/Freescale/CW MCU v10.5/MCU/ARM_GCC_Support/ewl/lib/armv6-m\libc.a(__strtoul.o)
                              C:/Freescale/CW MCU v10.5/MCU/ARM_GCC_Support/ewl/lib/armv6-m\libc.a(scanformat_.o) (__strtoul)
C:/Freescale/CW MCU v10.5/MCU/ARM_GCC_Support/ewl/lib/armv6-m\libc.a(__filll_mem.o)
                              C:/Freescale/CW MCU v10.5/MCU/ARM_GCC_Support/ewl/lib/armv6-m\libc.a(memset.o) (__fill_mem)
C:/Freescale/CW MCU v10.5/MCU/ARM_GCC_Support/ewl/lib/armv6-m\libc.a(memchr.o)
                              C:/Freescale/CW MCU v10.5/MCU/ARM_GCC_Support/ewl/lib/armv6-m\libc.a(printformat_.o) (memchr)
C:/Freescale/CW MCU v10.5/MCU/ARM_GCC_Support/ewl/lib/armv6-m\libc.a(memcpy.o)
                              C:/Freescale/CW MCU v10.5/MCU/ARM_GCC_Support/ewl/lib/armv6-m\libc.a(scanformat_.o) (memcpy)
C:/Freescale/CW MCU v10.5/MCU/ARM_GCC_Support/ewl/lib/armv6-m\libc.a(strchr.o)
                              C:/Freescale/CW MCU v10.5/MCU/ARM_GCC_Support/ewl/lib/armv6-m\libc.a(printformat_.o) (strchr)
c:/freescale/cw mcu v10.5/cross_tools/arm-none-eabi-gcc-4_7_3/bin/../lib/gcc/arm-none-eabi/4.7.3/armv6-m\libgcc.a(_thumb1_case_sqi.o)
                              C:/Freescale/CW MCU v10.5/MCU/ARM_GCC_Support/ewl/lib/armv6-m\libc.a(__strtoul.o) (__gnu_thumb1_case_sqi)
c:/freescale/cw mcu v10.5/cross_tools/arm-none-eabi-gcc-4_7_3/bin/../lib/gcc/arm-none-eabi/4.7.3/armv6-m\libgcc.a(_thumb1_case_uqi.o)
                              C:/Freescale/CW MCU v10.5/MCU/ARM_GCC_Support/ewl/lib/armv6-m\libc.a(scanformat_.o) (__gnu_thumb1_case_uqi)
c:/freescale/cw mcu v10.5/cross_tools/arm-none-eabi-gcc-4_7_3/bin/../lib/gcc/arm-none-eabi/4.7.3/armv6-m\libgcc.a(_udivsi3.o)
                              ./Sources/printf.o (__aeabi_uidiv)
c:/freescale/cw mcu v10.5/cross_tools/arm-none-eabi-gcc-4_7_3/bin/../lib/gcc/arm-none-eabi/4.7.3/armv6-m\libgcc.a(_divsi3.o)
                              ./Sources/printf.o (__aeabi_idiv)
c:/freescale/cw mcu v10.5/cross_tools/arm-none-eabi-gcc-4_7_3/bin/../lib/gcc/arm-none-eabi/4.7.3/armv6-m\libgcc.a(_dvmd_tls.o)
                              c:/freescale/cw mcu v10.5/cross_tools/arm-none-eabi-gcc-4_7_3/bin/../lib/gcc/arm-none-eabi/4.7.3/armv6-m\libgcc.a(_udivsi3.o) (__aeabi_idiv0)
c:/freescale/cw mcu v10.5/cross_tools/arm-none-eabi-gcc-4_7_3/bin/../lib/gcc/arm-none-eabi/4.7.3/armv6-m\libgcc.a(_arm_cmpdf2.o)
                              ./Sources/PID.o (__aeabi_dcmplt)
c:/freescale/cw mcu v10.5/cross_tools/arm-none-eabi-gcc-4_7_3/bin/../lib/gcc/arm-none-eabi/4.7.3/armv6-m\libgcc.a(_fixunssfsi.o)
                              ./Sources/Servo.o (__aeabi_f2uiz)
c:/freescale/cw mcu v10.5/cross_tools/arm-none-eabi-gcc-4_7_3/bin/../lib/gcc/arm-none-eabi/4.7.3/armv6-m\libgcc.a(_fixunsdfsi.o)
                              ./Sources/LineScanCamera.o (__aeabi_d2uiz)
c:/freescale/cw mcu v10.5/cross_tools/arm-none-eabi-gcc-4_7_3/bin/../lib/gcc/arm-none-eabi/4.7.3/armv6-m\libgcc.a(divsf3.o)
                              ./Sources/ADC.o (__aeabi_fdiv)
c:/freescale/cw mcu v10.5/cross_tools/arm-none-eabi-gcc-4_7_3/bin/../lib/gcc/arm-none-eabi/4.7.3/armv6-m\libgcc.a(mulsf3.o)
                              ./Sources/Servo.o (__aeabi_fmul)
c:/freescale/cw mcu v10.5/cross_tools/arm-none-eabi-gcc-4_7_3/bin/../lib/gcc/arm-none-eabi/4.7.3/armv6-m\libgcc.a(subsf3.o)
                              c:/freescale/cw mcu v10.5/cross_tools/arm-none-eabi-gcc-4_7_3/bin/../lib/gcc/arm-none-eabi/4.7.3/armv6-m\libgcc.a(_fixunssfsi.o) (__aeabi_fsub)
c:/freescale/cw mcu v10.5/cross_tools/arm-none-eabi-gcc-4_7_3/bin/../lib/gcc/arm-none-eabi/4.7.3/armv6-m\libgcc.a(fixsfsi.o)
                              c:/freescale/cw mcu v10.5/cross_tools/arm-none-eabi-gcc-4_7_3/bin/../lib/gcc/arm-none-eabi/4.7.3/armv6-m\libgcc.a(_fixunssfsi.o) (__aeabi_f2iz)
c:/freescale/cw mcu v10.5/cross_tools/arm-none-eabi-gcc-4_7_3/bin/../lib/gcc/arm-none-eabi/4.7.3/armv6-m\libgcc.a(floatsisf.o)
[...]
Memory Configuration

Name             Origin             Length             Attributes
m_interrupts     0x00000000         0x000000c0         xr
m_cfmprotrom     0x00000400         0x00000010         xr
m_text           0x00000800         0x0001f800         xr
m_data           0x1ffff000         0x00004000         xrw
*default*        0x00000000         0xffffffff

Linker script and memory map

LOAD ./Project_Settings/Startup_Code/kinetis_sysinit.o
LOAD ./Project_Settings/Startup_Code/__arm_start.o
LOAD ./Project_Settings/Startup_Code/__arm_end.o
LOAD ./Sources/sa_mtb.o
LOAD ./Sources/printf.o
LOAD ./Sources/main.o
LOAD ./Sources/UART.o
LOAD ./Sources/Servo.o
LOAD ./Sources/PID.o
LOAD ./Sources/Motor.o
LOAD ./Sources/LineScanCamera.o
LOAD ./Sources/I2C.o
LOAD ./Sources/Control.o
LOAD ./Sources/Config.o
LOAD ./Sources/Accel.o
LOAD ./Sources/ADC.o
LOAD ./Sources/system/arm_cm0.o
LOAD ./Sources/system/CrystalClock.o
LOAD ./Sources/system/ARM_SysTick.o
                0x00005a60                __pformatter = __pformatter_
                [0x00005e88]                __sformatter = __sformatter
START GROUP
LOAD C:/Freescale/CW MCU v10.5/MCU/ARM_GCC_Support/ewl/lib/armv6-m\libc.a
LOAD C:/Freescale/CW MCU v10.5/MCU/ARM_GCC_Support/ewl/lib/armv6-m\libm.a
LOAD c:/freescale/cw mcu v10.5/cross_tools/arm-none-eabi-gcc-4_7_3/bin/../lib/gcc/arm-none-eabi/4.7.3/armv6-m\libgcc.a
LOAD C:/Freescale/CW MCU v10.5/MCU/ARM_GCC_Support/ewl/lib/armv6-m\librt.a
LOAD C:/Freescale/CW MCU v10.5/MCU/ARM_GCC_Support/ewl/lib/armv6-m\libuart.a
END GROUP
                0x20003000                _estack = 0x20003000
                0x20003000                __SP_INIT = _estack
                0x00000400                __heap_size = 0x400
                0x00000400                __stack_size = 0x400

.interrupts     0x00000000       0xc0
                0x00000000                __vector_table = .
                0x00000000                . = ALIGN (0x4)
 *(.vectortable)
 .vectortable   0x00000000       0xc0 ./Project_Settings/Startup_Code/kinetis_sysinit.o
                0x00000000                InterruptVector
                0x000000c0                . = ALIGN (0x4)

.cfmprotect     0x00000400        0x0
                0x00000400                . = ALIGN (0x4)
 *(.cfmconfig)
                0x00000400                . = ALIGN (0x4)

.text           0x00000800     0x6304
                0x00000800                . = ALIGN (0x4)
 *(.text)
 .text          0x00000800       0x14 c:/freescale/cw mcu v10.5/cross_tools/arm-none-eabi-gcc-4_7_3/bin/../lib/gcc/arm-none-eabi/4.7.3/armv6-m\libgcc.a(_thumb1_case_sqi.o)
                0x00000800                __gnu_thumb1_case_sqi
 .text          0x00000814       0x14 c:/freescale/cw mcu v10.5/cross_tools/arm-none-eabi-gcc-4_7_3/bin/../lib/gcc/arm-none-eabi/4.7.3/armv6-m\libgcc.a(_thumb1_case_uqi.o)
                0x00000814                __gnu_thumb1_case_uqi
 .text          0x00000828       0x9c c:/freescale/cw mcu v10.5/cross_tools/arm-none-eabi-gcc-4_7_3/bin/../lib/gcc/arm-none-eabi/4.7.3/armv6-m\libgcc.a(_udivsi3.o)
                0x00000828                __aeabi_uidiv
                0x00000828                __udivsi3
                0x000008b0                __aeabi_uidivmod
 .text          0x000008c4       0xc0 c:/freescale/cw mcu v10.5/cross_tools/arm-none-eabi-gcc-4_7_3/bin/../lib/gcc/arm-none-eabi/4.7.3/armv6-m\libgcc.a(_divsi3.o)
                0x000008c4                __divsi3
                0x000008c4                __aeabi_idiv
                0x00000970                __aeabi_idivmod
 .text          0x00000984        0x4 c:/freescale/cw mcu v10.5/cross_tools/arm-none-eabi-gcc-4_7_3/bin/../lib/gcc/arm-none-eabi/4.7.3/armv6-m\libgcc.a(_dvmd_tls.o)
                0x00000984                __aeabi_idiv0
                0x00000984                __aeabi_ldiv0
 .text          0x00000988       0x7c c:/freescale/cw mcu v10.5/cross_tools/arm-none-eabi-gcc-4_7_3/bin/../lib/gcc/arm-none-eabi/4.7.3/armv6-m\libgcc.a(_arm_cmpdf2.o)
                0x00000988                __aeabi_cdrcmple
                0x00000998                __aeabi_cdcmple
                0x00000998                __aeabi_cdcmpeq
                0x000009a8                __aeabi_dcmpeq
                0x000009b4                __aeabi_dcmplt
                0x000009c8                __aeabi_dcmple
                0x000009dc                __aeabi_dcmpgt
                0x000009f0                __aeabi_dcmpge
 .text          0x00000a04       0x30 c:/freescale/cw mcu v10.5/cross_tools/arm-none-eabi-gcc-4_7_3/bin/../lib/gcc/arm-none-eabi/4.7.3/armv6-m\libgcc.a(_fixunssfsi.o)
                0x00000a04                __fixunssfsi
                0x00000a04                __aeabi_f2uiz
 *fill*         0x00000a34        0x4 00
 .text          0x00000a38       0x40 c:/freescale/cw mcu v10.5/cross_tools/arm-none-eabi-gcc-4_7_3/bin/../lib/gcc/arm-none-eabi/4.7.3/armv6-m\libgcc.a(_fixunsdfsi.o)
                0x00000a38                __aeabi_d2uiz
                0x00000a38                __fixunsdfsi
 .text          0x00000a78      0x260 c:/freescale/cw mcu v10.5/cross_tools/arm-none-eabi-gcc-4_7_3/bin/../lib/gcc/arm-none-eabi/4.7.3/armv6-m\libgcc.a(mulsf3.o)
                0x00000a78                __aeabi_fmul
 .text          0x00000cd8      0x3ac c:/freescale/cw mcu v10.5/cross_tools/arm-none-eabi-gcc-4_7_3/bin/../lib/gcc/arm-none-eabi/4.7.3/armv6-m\libgcc.a(subsf3.o)
                0x00000cd8                __aeabi_fsub
 .text          0x00001084       0x40 c:/freescale/cw mcu v10.5/cross_tools/arm-none-eabi-gcc-4_7_3/bin/../lib/gcc/arm-none-eabi/4.7.3/armv6-m\libgcc.a(fixsfsi.o)
                0x00001084                __aeabi_f2iz
 .text          0x000010c4       0xa8 c:/freescale/cw mcu v10.5/cross_tools/arm-none-eabi-gcc-4_7_3/bin/../lib/gcc/arm-none-eabi/4.7.3/armv6-m\libgcc.a(floatunsisf.o)
                0x000010c4                __aeabi_ui2f
 .text          0x0000116c      0x758 c:/freescale/cw mcu v10.5/cross_tools/arm-none-eabi-gcc-4_7_3/bin/../lib/gcc/arm-none-eabi/4.7.3/armv6-m\libgcc.a(adddf3.o)
                0x0000116c                __aeabi_dadd
 .text          0x000018c4      0x5b8 c:/freescale/cw mcu v10.5/cross_tools/arm-none-eabi-gcc-4_7_3/bin/../lib/gcc/arm-none-eabi/4.7.3/armv6-m\libgcc.a(divdf3.o)
                0x000018c4                __aeabi_ddiv
 .text          0x00001e7c       0x7c c:/freescale/cw mcu v10.5/cross_tools/arm-none-eabi-gcc-4_7_3/bin/../lib/gcc/arm-none-eabi/4.7.3/armv6-m\libgcc.a(eqdf2.o)
                0x00001e7c                __nedf2
                0x00001e7c                __eqdf2
 .text          0x00001ef8       0xe8 c:/freescale/cw mcu v10.5/cross_tools/arm-none-eabi-gcc-4_7_3/bin/../lib/gcc/arm-none-eabi/4.7.3/armv6-m\libgcc.a(gedf2.o)
                0x00001ef8                __gedf2
                0x00001ef8                __gtdf2
 .text          0x00001fe0       0xd8 c:/freescale/cw mcu v10.5/cross_tools/arm-none-eabi-gcc-4_7_3/bin/../lib/gcc/arm-none-eabi/4.7.3/armv6-m\libgcc.a(ledf2.o)
                0x00001fe0                __ledf2
                0x00001fe0                __ltdf2
 .text          0x000020b8      0x4e4 c:/freescale/cw mcu v10.5/cross_tools/arm-none-eabi-gcc-4_7_3/bin/../lib/gcc/arm-none-eabi/4.7.3/armv6-m\libgcc.a(muldf3.o)
                0x000020b8                __aeabi_dmul
 .text          0x0000259c      0x6f8 c:/freescale/cw mcu v10.5/cross_tools/arm-none-eabi-gcc-4_7_3/bin/../lib/gcc/arm-none-eabi/4.7.3/armv6-m\libgcc.a(subdf3.o)
                0x0000259c                __aeabi_dsub
 .text          0x00002c94       0x68 c:/freescale/cw mcu v10.5/cross_tools/arm-none-eabi-gcc-4_7_3/bin/../lib/gcc/arm-none-eabi/4.7.3/armv6-m\libgcc.a(fixdfsi.o)
                0x00002c94                __aeabi_d2iz
 .text          0x00002cfc       0x74 c:/freescale/cw mcu v10.5/cross_tools/arm-none-eabi-gcc-4_7_3/bin/../lib/gcc/arm-none-eabi/4.7.3/armv6-m\libgcc.a(floatsidf.o)
                0x00002cfc                __aeabi_i2d
 .text          0x00002d70       0x64 c:/freescale/cw mcu v10.5/cross_tools/arm-none-eabi-gcc-4_7_3/bin/../lib/gcc/arm-none-eabi/4.7.3/armv6-m\libgcc.a(floatunsidf.o)
                0x00002d70                __aeabi_ui2d
 .text          0x00002dd4      0x134 c:/freescale/cw mcu v10.5/cross_tools/arm-none-eabi-gcc-4_7_3/bin/../lib/gcc/arm-none-eabi/4.7.3/armv6-m\libgcc.a(truncdfsf2.o)
                0x00002dd4                __aeabi_d2f
 .text          0x00002f08       0x74 c:/freescale/cw mcu v10.5/cross_tools/arm-none-eabi-gcc-4_7_3/bin/../lib/gcc/arm-none-eabi/4.7.3/armv6-m\libgcc.a(_arm_cmpsf2.o)
                0x00002f08                __aeabi_cfrcmple
                0x00002f10                __aeabi_cfcmpeq
                0x00002f10                __aeabi_cfcmple
                0x00002f20                __aeabi_fcmpeq
                0x00002f2c                __aeabi_fcmplt
                0x00002f40                __aeabi_fcmple
                0x00002f54                __aeabi_fcmpgt
                0x00002f68                __aeabi_fcmpge
 .text          0x00002f7c       0x3c c:/freescale/cw mcu v10.5/cross_tools/arm-none-eabi-gcc-4_7_3/bin/../lib/gcc/arm-none-eabi/4.7.3/armv6-m\libgcc.a(_clzsi2.o)
                0x00002f7c                __clzsi2
 .text          0x00002fb8       0x50 c:/freescale/cw mcu v10.5/cross_tools/arm-none-eabi-gcc-4_7_3/bin/../lib/gcc/arm-none-eabi/4.7.3/armv6-m\libgcc.a(eqsf2.o)
                0x00002fb8                __eqsf2
                0x00002fb8                __nesf2
 .text          0x00003008       0x90 c:/freescale/cw mcu v10.5/cross_tools/arm-none-eabi-gcc-4_7_3/bin/../lib/gcc/arm-none-eabi/4.7.3/armv6-m\libgcc.a(gesf2.o)
                0x00003008                __gesf2
                0x00003008                __gtsf2
 .text          0x00003098       0x90 c:/freescale/cw mcu v10.5/cross_tools/arm-none-eabi-gcc-4_7_3/bin/../lib/gcc/arm-none-eabi/4.7.3/armv6-m\libgcc.a(lesf2.o)
                0x00003098                __ltsf2
                0x00003098                __lesf2
 *(.text*)
 .text.Default_Handler
                0x00003128        0xc ./Project_Settings/Startup_Code/kinetis_sysinit.o
                0x00003128                RTC_Alarm_IRQHandler
                0x00003128                I2C0_IRQHandler
                0x00003128                HardFault_Handler
                0x00003128                PendSV_Handler
                0x00003128                NMI_Handler
                0x00003128                I2C1_IRQHandler
                0x00003128                UART1_IRQHandler
                0x00003128                DMA2_IRQHandler
                0x00003128                TSI0_IRQHandler
                0x00003128                UART0_IRQHandler
                0x00003128                SPI1_IRQHandler
                0x00003128                PORTD_IRQHandler
                0x00003128                LPTimer_IRQHandler
                0x00003128                RTC_Seconds_IRQHandler
                0x00003128                MCG_IRQHandler
                0x00003128                UART2_IRQHandler
                0x00003128                Default_Handler
                0x00003128                LLW_IRQHandler
                0x00003128                SVC_Handler
                0x00003128                USBOTG_IRQHandler
                0x00003128                DMA3_IRQHandler
                0x00003128                DMA0_IRQHandler
                0x00003128                DAC0_IRQHandler
                0x00003128                PMC_IRQHandler
                0x00003128                SPI0_IRQHandler
                0x00003128                FTM0_IRQHandler
                0x00003128                MCM_IRQHandler
                0x00003128                FTFL_IRQHandler
                0x00003128                FTM2_IRQHandler
                0x00003128                CMP0_IRQHandler
                0x00003128                DMA1_IRQHandler
 .text.__init_hardware
                0x00003134       0x2c ./Project_Settings/Startup_Code/kinetis_sysinit.o
                0x00003134                __init_hardware
 .text.zero_fill_bss
                0x00003160       0x24 ./Project_Settings/Startup_Code/__arm_start.o
 .text.__thumb_startup
                0x00003184       0x30 ./Project_Settings/Startup_Code/__arm_start.o
                0x00003184                __thumb_startup
 .text._ExitProcess
                0x000031b4        0xc ./Project_Settings/Startup_Code/__arm_end.o
                0x000031b4                _ExitProcess
 .text.main     0x000031c0      0x1f8 ./Sources/main.o
                0x000031c0                main
 .text.SetServo
                0x000033b8       0x80 ./Sources/Servo.o
                0x000033b8                SetServo
 .text.SetServoDutyCycle
                0x00003438       0x34 ./Sources/Servo.o
                0x00003438                SetServoDutyCycle
 .text.Servo_IRQHandler
                0x0000346c       0x40 ./Sources/Servo.o
                0x0000346c                Servo_IRQHandler
 .text.InitServo
                0x000034ac       0xbc ./Sources/Servo.o
                0x000034ac                InitServo
 .text.ComputeTurn
                0x00003568      0x238 ./Sources/PID.o
                0x00003568                ComputeTurn
 .text.TunePID  0x000037a0       0xa8 ./Sources/PID.o
                0x000037a0                TunePID
 .text.InitMotor
                0x00003848       0xd0 ./Sources/Motor.o
                0x00003848                InitMotor
 .text.SetMotors
                0x00003918       0x58 ./Sources/Motor.o
                0x00003918                SetMotors
 .text.InitLineScanCamera
                0x00003970       0x98 ./Sources/LineScanCamera.o
                0x00003970                InitLineScanCamera
 .text.SetLineScanExposureTime
                0x00003a08       0x70 ./Sources/LineScanCamera.o
                0x00003a08                SetLineScanExposureTime
 .text.medianFilter
                0x00003a78       0xbc ./Sources/LineScanCamera.o
                0x00003a78                medianFilter
 .text.maxValue
                0x00003b34       0x44 ./Sources/LineScanCamera.o
                0x00003b34                maxValue
 .text.minValue
                0x00003b78       0x48 ./Sources/LineScanCamera.o
                0x00003b78                minValue
 .text.stretchFilter
                0x00003bc0      0x1d0 ./Sources/LineScanCamera.o
                0x00003bc0                stretchFilter
 .text.isFinish
                0x00003d90       0x78 ./Sources/LineScanCamera.o
                0x00003d90                isFinish
 .text.filterData
                0x00003e08       0xc8 ./Sources/LineScanCamera.o
                0x00003e08                filterData
 .text.GetLineIndexEdge
                0x00003ed0       0xfc ./Sources/LineScanCamera.o
                0x00003ed0                GetLineIndexEdge
 .text.I2C_WriteRegister
                0x00003fcc       0xd8 ./Sources/I2C.o
                0x00003fcc                I2C_WriteRegister
 .text.I2C_ReadRegister
                0x000040a4      0x150 ./Sources/I2C.o
                0x000040a4                I2C_ReadRegister
 .text.I2C_ReadMultiRegisters
                0x000041f4      0x1dc ./Sources/I2C.o
                0x000041f4                I2C_ReadMultiRegisters
 .text.Pause    0x000043d0       0x24 ./Sources/I2C.o
                0x000043d0                Pause
 .text.SetVelocity
                0x000043f4       0x8c ./Sources/Control.o
                0x000043f4                SetVelocity
 .text.SetSpeed
                0x00004480       0x1c ./Sources/Control.o
                0x00004480                SetSpeed
 .text.ComputeSpeed
                0x0000449c       0xc4 ./Sources/Control.o
                0x0000449c                ComputeSpeed
 .text.FinishLine
                0x00004560      0x10c ./Sources/Control.o
                0x00004560                FinishLine
 *fill*         0x0000466c        0x4 00
 .text.InitializeControls
                0x00004670       0xc0 ./Sources/Control.o
                0x00004670                InitializeControls
 .text.Run      0x00004730      0x180 ./Sources/Control.o
                0x00004730                Run
 .text.Initialize
                0x000048b0       0x28 ./Sources/Config.o
                0x000048b0                Initialize
 .text.InitGPIO
                0x000048d8       0xb8 ./Sources/Config.o
                0x000048d8                InitGPIO
 .text.InitAccel
                0x00004990       0x14 ./Sources/Accel.o
                0x00004990                InitAccel
 .text.Accel_port_init
                0x000049a4       0xa8 ./Sources/Accel.o
                0x000049a4                Accel_port_init
 .text.Accel_reg_init
                0x00004a4c       0x58 ./Sources/Accel.o
                0x00004a4c                Accel_reg_init
 .text.Accel_calibrate
                0x00004aa4      0x158 ./Sources/Accel.o
                0x00004aa4                Accel_calibrate
 .text.PORTA_IRQHandler
                0x00004bfc       0xcc ./Sources/Accel.o
                0x00004bfc                PORTA_IRQHandler
 .text.ADC_Cal  0x00004cc8      0x1b4 ./Sources/ADC.o
                0x00004cc8                ADC_Cal
 .text.ADC_Config_Alt
                0x00004e7c       0x60 ./Sources/ADC.o
                0x00004e7c                ADC_Config_Alt
 .text.InitADC0
                0x00004edc       0x90 ./Sources/ADC.o
                0x00004edc                InitADC0
 .text.InitADCs
                0x00004f6c       0x70 ./Sources/ADC.o
                0x00004f6c                InitADCs
 .text.PIT_IRQHandler
                0x00004fdc       0x38 ./Sources/ADC.o
                0x00004fdc                PIT_IRQHandler
 .text.ADC0_IRQHandler
                0x00005014      0x174 ./Sources/ADC.o
                0x00005014                ADC0_IRQHandler
 .text.enable_irq
                0x00005188       0x6c ./Sources/system/arm_cm0.o
                0x00005188                enable_irq
 .text.disable_irq
                0x000051f4       0x40 ./Sources/system/arm_cm0.o
                0x000051f4                disable_irq
 .text.InitClock
                0x00005234       0x24 ./Sources/system/CrystalClock.o
                0x00005234                InitClock
 .text.pll_init
                0x00005258      0x548 ./Sources/system/CrystalClock.o
                0x00005258                pll_init
 .text.InitSysTick
                0x000057a0       0x4c ./Sources/system/ARM_SysTick.o
                0x000057a0                InitSysTick
 .text.SysTick_Handler
                0x000057ec       0x60 ./Sources/system/ARM_SysTick.o
                0x000057ec                SysTick_Handler
 .text.Delay_mS
                0x0000584c       0x24 ./Sources/system/ARM_SysTick.o
                0x0000584c                Delay_mS
 .text.exit     0x00005870       0x38 C:/Freescale/CW MCU v10.5/MCU/ARM_GCC_Support/ewl/lib/armv6-m\libc.a(exit.o)
                0x00005870                exit
 .text.memset   0x000058a8        0xc C:/Freescale/CW MCU v10.5/MCU/ARM_GCC_Support/ewl/lib/armv6-m\libc.a(memset.o)
                0x000058a8                memset
 .text.strlen   0x000058b4       0x10 C:/Freescale/CW MCU v10.5/MCU/ARM_GCC_Support/ewl/lib/armv6-m\libc.a(strlen.o)
                0x000058b4                strlen
 .text.long2str.isra.0
                0x000058c4      0x19c C:/Freescale/CW MCU v10.5/MCU/ARM_GCC_Support/ewl/lib/armv6-m\libc.a(printformat_.o)
 .text.__pformatter_
                0x00005a60      0x428 C:/Freescale/CW MCU v10.5/MCU/ARM_GCC_Support/ewl/lib/armv6-m\libc.a(printformat_.o)
                0x00005a60                __pformatter_
 .text.__sformatter
                0x00005e88      0x698 C:/Freescale/CW MCU v10.5/MCU/ARM_GCC_Support/ewl/lib/armv6-m\libc.a(scanformat_.o)
                0x00005e88                __sformatter
 .text.isalpha  0x00006520       0x20 C:/Freescale/CW MCU v10.5/MCU/ARM_GCC_Support/ewl/lib/armv6-m\libc.a(ctype_aeabi.o)
                0x00006520                isalpha
 .text.isspace  0x00006540       0x20 C:/Freescale/CW MCU v10.5/MCU/ARM_GCC_Support/ewl/lib/armv6-m\libc.a(ctype_aeabi.o)
                0x00006540                isspace
 .text.toupper  0x00006560        0xe C:/Freescale/CW MCU v10.5/MCU/ARM_GCC_Support/ewl/lib/armv6-m\libc.a(ctype_aeabi.o)
                0x00006560                toupper
 .text.__strtoul
                0x0000656e      0x1ce C:/Freescale/CW MCU v10.5/MCU/ARM_GCC_Support/ewl/lib/armv6-m\libc.a(__strtoul.o)
                0x0000656e                __strtoul
 .text.__fill_mem
                0x0000673c       0x7e C:/Freescale/CW MCU v10.5/MCU/ARM_GCC_Support/ewl/lib/armv6-m\libc.a(__filll_mem.o)
                0x0000673c                __fill_mem
 .text.memchr   0x000067ba       0x1a C:/Freescale/CW MCU v10.5/MCU/ARM_GCC_Support/ewl/lib/armv6-m\libc.a(memchr.o)
                0x000067ba                memchr
 .text.memcpy   0x000067d4       0x12 C:/Freescale/CW MCU v10.5/MCU/ARM_GCC_Support/ewl/lib/armv6-m\libc.a(memcpy.o)
                0x000067d4                memcpy
 .text.strchr   0x000067e6       0x1e C:/Freescale/CW MCU v10.5/MCU/ARM_GCC_Support/ewl/lib/armv6-m\libc.a(strchr.o)
                0x000067e6                strchr
 .text.__init_cpp
                0x00006804       0x48 C:/Freescale/CW MCU v10.5/MCU/ARM_GCC_Support/ewl/lib/armv6-m\librt.a(gcc_ctor_dtor.o)
                0x00006804                __init_cpp
 .text.__fini_cpp
                0x0000684c       0x34 C:/Freescale/CW MCU v10.5/MCU/ARM_GCC_Support/ewl/lib/armv6-m\librt.a(gcc_ctor_dtor.o)
                0x0000684c                __fini_cpp
 .text.__copy_rom_section
                0x00006880       0x48 C:/Freescale/CW MCU v10.5/MCU/ARM_GCC_Support/ewl/lib/armv6-m\librt.a(ROMCopy.o)
                0x00006880                __copy_rom_section
 .text.__copy_rom_sections_to_ram
                0x000068c8       0x34 C:/Freescale/CW MCU v10.5/MCU/ARM_GCC_Support/ewl/lib/armv6-m\librt.a(ROMCopy.o)
                0x000068c8                __copy_rom_sections_to_ram
 .text.__destroy_global_chain
                0x000068fc       0x1c C:/Freescale/CW MCU v10.5/MCU/ARM_GCC_Support/ewl/lib/armv6-m\librt.a(__arm_eabi_init.o)
                0x000068fc                __destroy_global_chain
 .text.__init_registers
                0x00006918       0x1c C:/Freescale/CW MCU v10.5/MCU/ARM_GCC_Support/ewl/lib/armv6-m\librt.a(__arm_eabi_init.o)
                0x00006918                __init_registers
 .text.__init_user
                0x00006934        0x4 C:/Freescale/CW MCU v10.5/MCU/ARM_GCC_Support/ewl/lib/armv6-m\librt.a(__arm_eabi_init.o)
                0x00006934                __init_user
 *(.rodata)
 .rodata        0x00006938       0x40 c:/freescale/cw mcu v10.5/cross_tools/arm-none-eabi-gcc-4_7_3/bin/../lib/gcc/arm-none-eabi/4.7.3/armv6-m\libgcc.a(mulsf3.o)
 .rodata        0x00006978       0x40 c:/freescale/cw mcu v10.5/cross_tools/arm-none-eabi-gcc-4_7_3/bin/../lib/gcc/arm-none-eabi/4.7.3/armv6-m\libgcc.a(divdf3.o)
 .rodata        0x000069b8       0x40 c:/freescale/cw mcu v10.5/cross_tools/arm-none-eabi-gcc-4_7_3/bin/../lib/gcc/arm-none-eabi/4.7.3/armv6-m\libgcc.a(muldf3.o)
 *(.rodata*)
 .rodata.str1.1
                0x000069f8        0x1 C:/Freescale/CW MCU v10.5/MCU/ARM_GCC_Support/ewl/lib/armv6-m\libc.a(printformat_.o)
 .rodata.CSWTCH.20
                0x000069f9        0x5 C:/Freescale/CW MCU v10.5/MCU/ARM_GCC_Support/ewl/lib/armv6-m\libc.a(printformat_.o)
 .rodata.CSWTCH.21
                0x000069fe        0x5 C:/Freescale/CW MCU v10.5/MCU/ARM_GCC_Support/ewl/lib/armv6-m\libc.a(printformat_.o)
 .rodata.__aeabi_ctype_table_C
                0x00006a03      0x101 C:/Freescale/CW MCU v10.5/MCU/ARM_GCC_Support/ewl/lib/armv6-m\libc.a(ctype_aeabi.o)
                0x00006a03                __aeabi_ctype_table_C
 *(.glue_7)
 .glue_7        0x00000000        0x0 linker stubs
 *(.glue_7t)
 .glue_7t       0x00000000        0x0 linker stubs
 *(.eh_frame)
 *(.init)
 *(.fini)
                0x00006b04                . = ALIGN (0x4)
                0x00006b04                _etext = .

.vfp11_veneer   0x00006b04        0x0
 .vfp11_veneer  0x00000000        0x0 linker stubs

.v4_bx          0x00006b04        0x0
 .v4_bx         0x00000000        0x0 linker stubs

.iplt           0x00006b04        0x0
 .iplt          0x00000000        0x0 ./Project_Settings/Startup_Code/kinetis_sysinit.o

.rel.dyn        0x00006b04        0x0
 .rel.iplt      0x00000000        0x0 ./Project_Settings/Startup_Code/kinetis_sysinit.o

.ARM.extab
 *(.ARM.extab* .gnu.linkonce.armextab.*)

.ARM            0x00006b04        0x0
                0x00006b04                __exidx_start = .
 *(.ARM.exidx*)
                0x00006b04                __exidx_end = .

.ctors          0x00006b04        0x0
                0x00006b04                __CTOR_LIST__ = .
 *crtbegin.o(.ctors)
 *(EXCLUDE_FILE(*crtend.o) .ctors)
 *(SORT(.ctors.*))
 *(.ctors)
                0x00006b04                __CTOR_END__ = .

.dtors          0x00006b04        0x0
                0x00006b04                __DTOR_LIST__ = .
 *crtbegin.o(.dtors)
 *(EXCLUDE_FILE(*crtend.o) .dtors)
 *(SORT(.dtors.*))
 *(.dtors)
                0x00006b04                __DTOR_END__ = .

.preinit_array  0x00006b04        0x0
                0x00006b04                PROVIDE (__preinit_array_start, .)
 *(.preinit_array*)
                0x00006b04                PROVIDE (__preinit_array_end, .)

.init_array     0x00006b04        0x0
                0x00006b04                PROVIDE (__init_array_start, .)
 *(SORT(.init_array.*))
 *(.init_array*)
                0x00006b04                PROVIDE (__init_array_end, .)

.fini_array     0x00006b04        0x0
                0x00006b04                PROVIDE (__fini_array_start, .)
 *(SORT(.fini_array.*))
 *(.fini_array*)
                0x00006b04                PROVIDE (__fini_array_end, .)
                0x00006b04                ___ROM_AT = .

.mtb            0x1ffff000        0x0
                0x1ffff000                . = ALIGN (0x8)
                0x1ffff000                _mtb_start = .
 *(.mtb_buf)
                0x1ffff000                . = ALIGN (0x8)
                0x1ffff000                _mtb_end = .

.data           0x1ffff000        0x0 load address 0x00006b04
                0x1ffff000                . = ALIGN (0x4)
                0x1ffff000                _sdata = .
 *(.data)
 *(.data*)
                0x1ffff000                . = ALIGN (0x4)
                0x1ffff000                _edata = .
                0x00000000                ___data_size = (_edata - _sdata)

.igot.plt       0x1ffff000        0x0
 .igot.plt      0x00000000        0x0 ./Project_Settings/Startup_Code/kinetis_sysinit.o
                0x1ffff000                . = ALIGN (0x4)

.bss            0x1ffff000     0x1374
                0x1ffff000                __START_BSS = .
                0x1ffff000                PROVIDE (__bss_start__, __START_BSS)
 *(.bss)
 *(.bss*)
 .bss.argv      0x1ffff000        0x4 ./Project_Settings/Startup_Code/__arm_start.o
 .bss.LineScanImageReady
                0x1ffff004        0x1 ./Sources/LineScanCamera.o
                0x1ffff004                LineScanImageReady
 .bss.CurrentADC_State
                0x1ffff005        0x1 ./Sources/ADC.o
 .bss.CurrentLineScanPixel
                0x1ffff006        0x1 ./Sources/ADC.o
                0x1ffff006                CurrentLineScanPixel
 *fill*         0x1ffff007        0x1 00
 .bss.BatSenseADC_Value
                0x1ffff008        0x2 ./Sources/ADC.o
                0x1ffff008                BatSenseADC_Value
 *fill*         0x1ffff00a        0x2 00
 .bss.DelayTimerTick
                0x1ffff00c        0x4 ./Sources/system/ARM_SysTick.o
 .bss.__stdio_exit
                0x1ffff010        0x4 C:/Freescale/CW MCU v10.5/MCU/ARM_GCC_Support/ewl/lib/armv6-m\libc.a(exit.o)
                0x1ffff010                __stdio_exit
 .bss.__console_exit
                0x1ffff014        0x4 C:/Freescale/CW MCU v10.5/MCU/ARM_GCC_Support/ewl/lib/armv6-m\libc.a(exit.o)
                0x1ffff014                __console_exit
 .bss.__S_romp  0x1ffff018        0xc C:/Freescale/CW MCU v10.5/MCU/ARM_GCC_Support/ewl/lib/armv6-m\librt.a(ROMCopy.o)
 .bss.__global_destructor_chain
                0x1ffff024        0x4 C:/Freescale/CW MCU v10.5/MCU/ARM_GCC_Support/ewl/lib/armv6-m\librt.a(__arm_eabi_init.o)
                0x1ffff024                __global_destructor_chain
 *(COMMON)
 COMMON         0x1ffff028     0x112c ./Project_Settings/Startup_Code/kinetis_sysinit.o
                0x1ffff028                straight_speed
                0x1ffff02c                medium_speed
                0x1ffff030                kd
                0x1ffff038                lastOutput
                0x1ffff03c                Xout
                0x1ffff03e                Zoffset
                0x1ffff040                AccData
                0x1ffff048                turn_speed
                0x1ffff04c                ramp
                0x1ffff050                speedC
                0x1ffff058                lastError
                0x1ffff060                Zout
                0x1ffff068                ki
                0x1ffff070                LineScanData
                0x1ffff138                Yout
                0x1ffff13a                Yoffset
                0x1ffff13c                histogram
                0x2000013c                Xoffset
                0x20000140                kp
                0x20000148                llastError
                0x20000150                brake_speed
 COMMON         0x20000154        0x1 ./Sources/Servo.o
                0x20000154                ServoTickVar
 *fill*         0x20000155        0x3 00
 COMMON         0x20000158      0x20c ./Sources/LineScanCamera.o
                0x20000158                LineScanImageBuffer
                0x20000358                LineScanImage
                0x2000035c                LineScanWorkingBuffer
                0x20000360                LineScanImageWorkingBuffer
 COMMON         0x20000364       0x10 ./Sources/system/ARM_SysTick.o
                0x20000364                Ticker
                0x20000374                . = ALIGN (0x4)
                0x20000374                __END_BSS = .
                0x20000374                PROVIDE (__bss_end__, __END_BSS)
                0x00006b04                _romp_at = (___ROM_AT + SIZEOF (.data))

.romp           0x20000374       0x18 load address 0x00006b04
                0x00006b04                __S_romp = _romp_at
                0x20000374        0x4 LONG 0x6b04 ___ROM_AT
                0x20000378        0x4 LONG 0x1ffff000 _sdata
                0x2000037c        0x4 LONG 0x0 ___data_size
                0x20000380        0x4 LONG 0x0
                0x20000384        0x4 LONG 0x0
                0x20000388        0x4 LONG 0x0

._user_heap_stack
                0x2000038c      0x800 load address 0x00006b1c
                0x2000038c                . = ALIGN (0x4)
                0x2000038c                PROVIDE (end, .)
                0x2000038c                PROVIDE (_end, .)
                0x2000038c                __heap_addr = .
                0x2000078c                . = (. + __heap_size)
 *fill*         0x2000038c      0x400 00
                0x20000b8c                . = (. + __stack_size)
 *fill*         0x2000078c      0x400 00
                0x20000b8c                . = ALIGN (0x4)

.ARM.attributes
                0x00000000       0x31
 *(.ARM.attributes)
 .ARM.attributes
                0x00000000       0x31 ./Project_Settings/Startup_Code/kinetis_sysinit.o
 .ARM.attributes
                0x00000031       0x31 ./Project_Settings/Startup_Code/__arm_start.o
 .ARM.attributes
                0x00000062       0x31 ./Project_Settings/Startup_Code/__arm_end.o
 .ARM.attributes
                0x00000093       0x31 ./Sources/main.o
 .ARM.attributes
                0x000000c4       0x31 ./Sources/Servo.o
 .ARM.attributes
                0x000000f5       0x31 ./Sources/PID.o
 .ARM.attributes
                0x00000126       0x31 ./Sources/Motor.o
 .ARM.attributes
                0x00000157       0x31 ./Sources/LineScanCamera.o
 .ARM.attributes
                0x00000188       0x31 ./Sources/I2C.o
 .ARM.attributes
                0x000001b9       0x31 ./Sources/Control.o
 .ARM.attributes
                0x000001ea       0x31 ./Sources/Config.o
 .ARM.attributes
                0x0000021b       0x31 ./Sources/Accel.o
 .ARM.attributes
                0x0000024c       0x31 ./Sources/ADC.o
 .ARM.attributes
                0x0000027d       0x31 ./Sources/system/arm_cm0.o
 .ARM.attributes
                0x000002ae       0x31 ./Sources/system/CrystalClock.o
 .ARM.attributes
                0x000002df       0x31 ./Sources/system/ARM_SysTick.o
 .ARM.attributes
                0x00000310       0x31 C:/Freescale/CW MCU v10.5/MCU/ARM_GCC_Support/ewl/lib/armv6-m\libc.a(exit.o)
 .ARM.attributes
                0x00000341       0x31 C:/Freescale/CW MCU v10.5/MCU/ARM_GCC_Support/ewl/lib/armv6-m\libc.a(memset.o)
 .ARM.attributes
                0x00000372       0x31 C:/Freescale/CW MCU v10.5/MCU/ARM_GCC_Support/ewl/lib/armv6-m\libc.a(strlen.o)
 .ARM.attributes
                0x000003a3       0x31 C:/Freescale/CW MCU v10.5/MCU/ARM_GCC_Support/ewl/lib/armv6-m\libc.a(printformat_.o)
 .ARM.attributes
                0x000003d4       0x31 C:/Freescale/CW MCU v10.5/MCU/ARM_GCC_Support/ewl/lib/armv6-m\libc.a(scanformat_.o)
 .ARM.attributes
                0x00000405       0x31 C:/Freescale/CW MCU v10.5/MCU/ARM_GCC_Support/ewl/lib/armv6-m\libc.a(ctype_aeabi.o)
 .ARM.attributes
                0x00000436       0x31 C:/Freescale/CW MCU v10.5/MCU/ARM_GCC_Support/ewl/lib/armv6-m\libc.a(__strtoul.o)
 .ARM.attributes
                0x00000467       0x31 C:/Freescale/CW MCU v10.5/MCU/ARM_GCC_Support/ewl/lib/armv6-m\libc.a(__filll_mem.o)
 .ARM.attributes
                0x00000498       0x31 C:/Freescale/CW MCU v10.5/MCU/ARM_GCC_Support/ewl/lib/armv6-m\libc.a(memchr.o)
 .ARM.attributes
                0x000004c9       0x31 C:/Freescale/CW MCU v10.5/MCU/ARM_GCC_Support/ewl/lib/armv6-m\libc.a(memcpy.o)
 .ARM.attributes
                0x000004fa       0x31 C:/Freescale/CW MCU v10.5/MCU/ARM_GCC_Support/ewl/lib/armv6-m\libc.a(strchr.o)
 .ARM.attributes
                0x0000052b       0x1e c:/freescale/cw mcu v10.5/cross_tools/arm-none-eabi-gcc-4_7_3/bin/../lib/gcc/arm-none-eabi/4.7.3/armv6-m\libgcc.a(_thumb1_case_sqi.o)
 .ARM.attributes
                0x00000549       0x1e c:/freescale/cw mcu v10.5/cross_tools/arm-none-eabi-gcc-4_7_3/bin/../lib/gcc/arm-none-eabi/4.7.3/armv6-m\libgcc.a(_thumb1_case_uqi.o)
 .ARM.attributes
                0x00000567       0x1e c:/freescale/cw mcu v10.5/cross_tools/arm-none-eabi-gcc-4_7_3/bin/../lib/gcc/arm-none-eabi/4.7.3/armv6-m\libgcc.a(_udivsi3.o)
 .ARM.attributes
                0x00000585       0x1e c:/freescale/cw mcu v10.5/cross_tools/arm-none-eabi-gcc-4_7_3/bin/../lib/gcc/arm-none-eabi/4.7.3/armv6-m\libgcc.a(_divsi3.o)
 .ARM.attributes
                0x000005a3       0x1e c:/freescale/cw mcu v10.5/cross_tools/arm-none-eabi-gcc-4_7_3/bin/../lib/gcc/arm-none-eabi/4.7.3/armv6-m\libgcc.a(_dvmd_tls.o)
 .ARM.attributes
                0x000005c1       0x1e c:/freescale/cw mcu v10.5/cross_tools/arm-none-eabi-gcc-4_7_3/bin/../lib/gcc/arm-none-eabi/4.7.3/armv6-m\libgcc.a(_arm_cmpdf2.o)
 .ARM.attributes
                0x000005df       0x2c c:/freescale/cw mcu v10.5/cross_tools/arm-none-eabi-gcc-4_7_3/bin/../lib/gcc/arm-none-eabi/4.7.3/armv6-m\libgcc.a(_fixunssfsi.o)
 .ARM.attributes
                0x0000060b       0x2c c:/freescale/cw mcu v10.5/cross_tools/arm-none-eabi-gcc-4_7_3/bin/../lib/gcc/arm-none-eabi/4.7.3/armv6-m\libgcc.a(_fixunsdfsi.o)
 .ARM.attributes
                0x00000637       0x2c c:/freescale/cw mcu v10.5/cross_tools/arm-none-eabi-gcc-4_7_3/bin/../lib/gcc/arm-none-eabi/4.7.3/armv6-m\libgcc.a(mulsf3.o)
 .ARM.attributes
                0x00000663       0x2c c:/freescale/cw mcu v10.5/cross_tools/arm-none-eabi-gcc-4_7_3/bin/../lib/gcc/arm-none-eabi/4.7.3/armv6-m\libgcc.a(subsf3.o)
 .ARM.attributes
                0x0000068f       0x2c c:/freescale/cw mcu v10.5/cross_tools/arm-none-eabi-gcc-4_7_3/bin/../lib/gcc/arm-none-eabi/4.7.3/armv6-m\libgcc.a(fixsfsi.o)
 .ARM.attributes
                0x000006bb       0x2c c:/freescale/cw mcu v10.5/cross_tools/arm-none-eabi-gcc-4_7_3/bin/../lib/gcc/arm-none-eabi/4.7.3/armv6-m\libgcc.a(floatunsisf.o)
 .ARM.attributes
                0x000006e7       0x2c c:/freescale/cw mcu v10.5/cross_tools/arm-none-eabi-gcc-4_7_3/bin/../lib/gcc/arm-none-eabi/4.7.3/armv6-m\libgcc.a(adddf3.o)
 .ARM.attributes
                0x00000713       0x2c c:/freescale/cw mcu v10.5/cross_tools/arm-none-eabi-gcc-4_7_3/bin/../lib/gcc/arm-none-eabi/4.7.3/armv6-m\libgcc.a(divdf3.o)
 .ARM.attributes
                0x0000073f       0x2c c:/freescale/cw mcu v10.5/cross_tools/arm-none-eabi-gcc-4_7_3/bin/../lib/gcc/arm-none-eabi/4.7.3/armv6-m\libgcc.a(eqdf2.o)
 .ARM.attributes
                0x0000076b       0x2c c:/freescale/cw mcu v10.5/cross_tools/arm-none-eabi-gcc-4_7_3/bin/../lib/gcc/arm-none-eabi/4.7.3/armv6-m\libgcc.a(gedf2.o)
 .ARM.attributes
                0x00000797       0x2c c:/freescale/cw mcu v10.5/cross_tools/arm-none-eabi-gcc-4_7_3/bin/../lib/gcc/arm-none-eabi/4.7.3/armv6-m\libgcc.a(ledf2.o)
 .ARM.attributes
                0x000007c3       0x2c c:/freescale/cw mcu v10.5/cross_tools/arm-none-eabi-gcc-4_7_3/bin/../lib/gcc/arm-none-eabi/4.7.3/armv6-m\libgcc.a(muldf3.o)
 .ARM.attributes
                0x000007ef       0x2c c:/freescale/cw mcu v10.5/cross_tools/arm-none-eabi-gcc-4_7_3/bin/../lib/gcc/arm-none-eabi/4.7.3/armv6-m\libgcc.a(subdf3.o)
 .ARM.attributes
                0x0000081b       0x2c c:/freescale/cw mcu v10.5/cross_tools/arm-none-eabi-gcc-4_7_3/bin/../lib/gcc/arm-none-eabi/4.7.3/armv6-m\libgcc.a(fixdfsi.o)
 .ARM.attributes
                0x00000847       0x2c c:/freescale/cw mcu v10.5/cross_tools/arm-none-eabi-gcc-4_7_3/bin/../lib/gcc/arm-none-eabi/4.7.3/armv6-m\libgcc.a(floatsidf.o)
 .ARM.attributes
                0x00000873       0x2c c:/freescale/cw mcu v10.5/cross_tools/arm-none-eabi-gcc-4_7_3/bin/../lib/gcc/arm-none-eabi/4.7.3/armv6-m\libgcc.a(floatunsidf.o)
 .ARM.attributes
                0x0000089f       0x2c c:/freescale/cw mcu v10.5/cross_tools/arm-none-eabi-gcc-4_7_3/bin/../lib/gcc/arm-none-eabi/4.7.3/armv6-m\libgcc.a(truncdfsf2.o)
 .ARM.attributes
                0x000008cb       0x1e c:/freescale/cw mcu v10.5/cross_tools/arm-none-eabi-gcc-4_7_3/bin/../lib/gcc/arm-none-eabi/4.7.3/armv6-m\libgcc.a(_arm_cmpsf2.o)
 .ARM.attributes
                0x000008e9       0x1e c:/freescale/cw mcu v10.5/cross_tools/arm-none-eabi-gcc-4_7_3/bin/../lib/gcc/arm-none-eabi/4.7.3/armv6-m\libgcc.a(_clzsi2.o)
 .ARM.attributes
                0x00000907       0x2c c:/freescale/cw mcu v10.5/cross_tools/arm-none-eabi-gcc-4_7_3/bin/../lib/gcc/arm-none-eabi/4.7.3/armv6-m\libgcc.a(eqsf2.o)
 .ARM.attributes
                0x00000933       0x2c c:/freescale/cw mcu v10.5/cross_tools/arm-none-eabi-gcc-4_7_3/bin/../lib/gcc/arm-none-eabi/4.7.3/armv6-m\libgcc.a(gesf2.o)
 .ARM.attributes
                0x0000095f       0x2c c:/freescale/cw mcu v10.5/cross_tools/arm-none-eabi-gcc-4_7_3/bin/../lib/gcc/arm-none-eabi/4.7.3/armv6-m\libgcc.a(lesf2.o)
 .ARM.attributes
                0x0000098b       0x31 C:/Freescale/CW MCU v10.5/MCU/ARM_GCC_Support/ewl/lib/armv6-m\librt.a(gcc_ctor_dtor.o)
 .ARM.attributes
                0x000009bc       0x31 C:/Freescale/CW MCU v10.5/MCU/ARM_GCC_Support/ewl/lib/armv6-m\librt.a(ROMCopy.o)
 .ARM.attributes
                0x000009ed       0x31 C:/Freescale/CW MCU v10.5/MCU/ARM_GCC_Support/ewl/lib/armv6-m\librt.a(__arm_eabi_init.o)
OUTPUT(FRDM-TRC.elf elf32-littlearm)

.debug_info     0x00000000     0x78ab
 .debug_info    0x00000000      0x608 ./Project_Settings/Startup_Code/kinetis_sysinit.o
 .debug_info    0x00000608      0x12a ./Project_Settings/Startup_Code/__arm_start.o
 .debug_info    0x00000732       0x54 ./Project_Settings/Startup_Code/__arm_end.o
 .debug_info    0x00000786      0x2f8 ./Sources/main.o
 .debug_info    0x00000a7e      0x7ab ./Sources/Servo.o
 .debug_info    0x00001229      0x2bd ./Sources/PID.o
 .debug_info    0x000014e6      0x636 ./Sources/Motor.o
 .debug_info    0x00001b1c      0x9e5 ./Sources/LineScanCamera.o
 .debug_info    0x00002501      0x266 ./Sources/I2C.o
 .debug_info    0x00002767      0x464 ./Sources/Control.o
 .debug_info    0x00002bcb      0x59e ./Sources/Config.o
 .debug_info    0x00003169      0x860 ./Sources/Accel.o
 .debug_info    0x000039c9      0xc4e ./Sources/ADC.o
 .debug_info    0x00004617      0x3cb ./Sources/system/arm_cm0.o
 .debug_info    0x000049e2      0xf5b ./Sources/system/CrystalClock.o
 .debug_info    0x0000593d      0x356 ./Sources/system/ARM_SysTick.o
 .debug_info    0x00005c93       0xe8 C:/Freescale/CW MCU v10.5/MCU/ARM_GCC_Support/ewl/lib/armv6-m\libc.a(exit.o)
 .debug_info    0x00005d7b       0xec C:/Freescale/CW MCU v10.5/MCU/ARM_GCC_Support/ewl/lib/armv6-m\libc.a(memset.o)
 .debug_info    0x00005e67       0xea C:/Freescale/CW MCU v10.5/MCU/ARM_GCC_Support/ewl/lib/armv6-m\libc.a(strlen.o)
 .debug_info    0x00005f51      0x50d C:/Freescale/CW MCU v10.5/MCU/ARM_GCC_Support/ewl/lib/armv6-m\libc.a(printformat_.o)
 .debug_info    0x0000645e      0x568 C:/Freescale/CW MCU v10.5/MCU/ARM_GCC_Support/ewl/lib/armv6-m\libc.a(scanformat_.o)
 .debug_info    0x000069c6      0x313 C:/Freescale/CW MCU v10.5/MCU/ARM_GCC_Support/ewl/lib/armv6-m\libc.a(ctype_aeabi.o)
 .debug_info    0x00006cd9      0x1d6 C:/Freescale/CW MCU v10.5/MCU/ARM_GCC_Support/ewl/lib/armv6-m\libc.a(__strtoul.o)
 .debug_info    0x00006eaf      0x137 C:/Freescale/CW MCU v10.5/MCU/ARM_GCC_Support/ewl/lib/armv6-m\libc.a(__filll_mem.o)
 .debug_info    0x00006fe6      0x121 C:/Freescale/CW MCU v10.5/MCU/ARM_GCC_Support/ewl/lib/armv6-m\libc.a(memchr.o)
 .debug_info    0x00007107      0x10f C:/Freescale/CW MCU v10.5/MCU/ARM_GCC_Support/ewl/lib/armv6-m\libc.a(memcpy.o)
 .debug_info    0x00007216      0x10b C:/Freescale/CW MCU v10.5/MCU/ARM_GCC_Support/ewl/lib/armv6-m\libc.a(strchr.o)
 .debug_info    0x00007321      0x136 C:/Freescale/CW MCU v10.5/MCU/ARM_GCC_Support/ewl/lib/armv6-m\librt.a(gcc_ctor_dtor.o)
 .debug_info    0x00007457      0x19b C:/Freescale/CW MCU v10.5/MCU/ARM_GCC_Support/ewl/lib/armv6-m\librt.a(ROMCopy.o)
 .debug_info    0x000075f2      0x2b9 C:/Freescale/CW MCU v10.5/MCU/ARM_GCC_Support/ewl/lib/armv6-m\librt.a(__arm_eabi_init.o)

.debug_abbrev   0x00000000     0x1d59
 .debug_abbrev  0x00000000       0xf8 ./Project_Settings/Startup_Code/kinetis_sysinit.o
 .debug_abbrev  0x000000f8       0x92 ./Project_Settings/Startup_Code/__arm_start.o
 .debug_abbrev  0x0000018a       0x4c ./Project_Settings/Startup_Code/__arm_end.o
 .debug_abbrev  0x000001d6       0xd5 ./Sources/main.o
 .debug_abbrev  0x000002ab      0x127 ./Sources/Servo.o
 .debug_abbrev  0x000003d2       0xcf ./Sources/PID.o
 .debug_abbrev  0x000004a1      0x111 ./Sources/Motor.o
 .debug_abbrev  0x000005b2      0x199 ./Sources/LineScanCamera.o
 .debug_abbrev  0x0000074b      0x100 ./Sources/I2C.o
 .debug_abbrev  0x0000084b      0x145 ./Sources/Control.o
 .debug_abbrev  0x00000990       0xde ./Sources/Config.o
 .debug_abbrev  0x00000a6e      0x12f ./Sources/Accel.o
 .debug_abbrev  0x00000b9d      0x1c6 ./Sources/ADC.o
 .debug_abbrev  0x00000d63      0x102 ./Sources/system/arm_cm0.o
 .debug_abbrev  0x00000e65      0x1b1 ./Sources/system/CrystalClock.o
 .debug_abbrev  0x00001016      0x115 ./Sources/system/ARM_SysTick.o
 .debug_abbrev  0x0000112b       0x7a C:/Freescale/CW MCU v10.5/MCU/ARM_GCC_Support/ewl/lib/armv6-m\libc.a(exit.o)
 .debug_abbrev  0x000011a5       0x62 C:/Freescale/CW MCU v10.5/MCU/ARM_GCC_Support/ewl/lib/armv6-m\libc.a(memset.o)
 .debug_abbrev  0x00001207       0x7a C:/Freescale/CW MCU v10.5/MCU/ARM_GCC_Support/ewl/lib/armv6-m\libc.a(strlen.o)
 .debug_abbrev  0x00001281      0x200 C:/Freescale/CW MCU v10.5/MCU/ARM_GCC_Support/ewl/lib/armv6-m\libc.a(printformat_.o)
 .debug_abbrev  0x00001481      0x1f0 C:/Freescale/CW MCU v10.5/MCU/ARM_GCC_Support/ewl/lib/armv6-m\libc.a(scanformat_.o)
 .debug_abbrev  0x00001671       0x9e C:/Freescale/CW MCU v10.5/MCU/ARM_GCC_Support/ewl/lib/armv6-m\libc.a(ctype_aeabi.o)
 .debug_abbrev  0x0000170f       0xc2 C:/Freescale/CW MCU v10.5/MCU/ARM_GCC_Support/ewl/lib/armv6-m\libc.a(__strtoul.o)
 .debug_abbrev  0x000017d1       0x78 C:/Freescale/CW MCU v10.5/MCU/ARM_GCC_Support/ewl/lib/armv6-m\libc.a(__filll_mem.o)
 .debug_abbrev  0x00001849       0x95 C:/Freescale/CW MCU v10.5/MCU/ARM_GCC_Support/ewl/lib/armv6-m\libc.a(memchr.o)
 .debug_abbrev  0x000018de       0x95 C:/Freescale/CW MCU v10.5/MCU/ARM_GCC_Support/ewl/lib/armv6-m\libc.a(memcpy.o)
 .debug_abbrev  0x00001973       0x7a C:/Freescale/CW MCU v10.5/MCU/ARM_GCC_Support/ewl/lib/armv6-m\libc.a(strchr.o)
 .debug_abbrev  0x000019ed       0x99 C:/Freescale/CW MCU v10.5/MCU/ARM_GCC_Support/ewl/lib/armv6-m\librt.a(gcc_ctor_dtor.o)
 .debug_abbrev  0x00001a86      0x120 C:/Freescale/CW MCU v10.5/MCU/ARM_GCC_Support/ewl/lib/armv6-m\librt.a(ROMCopy.o)
 .debug_abbrev  0x00001ba6      0x1b3 C:/Freescale/CW MCU v10.5/MCU/ARM_GCC_Support/ewl/lib/armv6-m\librt.a(__arm_eabi_init.o)

.debug_loc      0x00000000     0x38a1
 .debug_loc     0x00000000       0x58 ./Project_Settings/Startup_Code/kinetis_sysinit.o
 .debug_loc     0x00000058       0x2c ./Project_Settings/Startup_Code/__arm_start.o
 .debug_loc     0x00000084       0x38 ./Project_Settings/Startup_Code/__arm_end.o
 .debug_loc     0x000000bc       0x38 ./Sources/main.o
 .debug_loc     0x000000f4       0xc8 ./Sources/Servo.o
 .debug_loc     0x000001bc       0x70 ./Sources/PID.o
 .debug_loc     0x0000022c       0x64 ./Sources/Motor.o
 .debug_loc     0x00000290      0x224 ./Sources/LineScanCamera.o
 .debug_loc     0x000004b4       0xe0 ./Sources/I2C.o
 .debug_loc     0x00000594      0x146 ./Sources/Control.o
 .debug_loc     0x000006da       0x58 ./Sources/Config.o
 .debug_loc     0x00000732       0xf4 ./Sources/Accel.o
 .debug_loc     0x00000826      0x19c ./Sources/ADC.o
 .debug_loc     0x000009c2      0x138 ./Sources/system/arm_cm0.o
 .debug_loc     0x00000afa      0x614 ./Sources/system/CrystalClock.o
 .debug_loc     0x0000110e       0xa8 ./Sources/system/ARM_SysTick.o
 .debug_loc     0x000011b6       0x3e C:/Freescale/CW MCU v10.5/MCU/ARM_GCC_Support/ewl/lib/armv6-m\libc.a(exit.o)
 .debug_loc     0x000011f4       0x6f C:/Freescale/CW MCU v10.5/MCU/ARM_GCC_Support/ewl/lib/armv6-m\libc.a(memset.o)
 .debug_loc     0x00001263       0x33 C:/Freescale/CW MCU v10.5/MCU/ARM_GCC_Support/ewl/lib/armv6-m\libc.a(strlen.o)
 .debug_loc     0x00001296     0x104b C:/Freescale/CW MCU v10.5/MCU/ARM_GCC_Support/ewl/lib/armv6-m\libc.a(printformat_.o)
 .debug_loc     0x000022e1      0x9d8 C:/Freescale/CW MCU v10.5/MCU/ARM_GCC_Support/ewl/lib/armv6-m\libc.a(scanformat_.o)
 .debug_loc     0x00002cb9      0x30d C:/Freescale/CW MCU v10.5/MCU/ARM_GCC_Support/ewl/lib/armv6-m\libc.a(ctype_aeabi.o)
 .debug_loc     0x00002fc6      0x305 C:/Freescale/CW MCU v10.5/MCU/ARM_GCC_Support/ewl/lib/armv6-m\libc.a(__strtoul.o)
 .debug_loc     0x000032cb      0x14a C:/Freescale/CW MCU v10.5/MCU/ARM_GCC_Support/ewl/lib/armv6-m\libc.a(__filll_mem.o)
 .debug_loc     0x00003415       0x77 C:/Freescale/CW MCU v10.5/MCU/ARM_GCC_Support/ewl/lib/armv6-m\libc.a(memchr.o)
 .debug_loc     0x0000348c       0x59 C:/Freescale/CW MCU v10.5/MCU/ARM_GCC_Support/ewl/lib/armv6-m\libc.a(memcpy.o)
 .debug_loc     0x000034e5       0xaf C:/Freescale/CW MCU v10.5/MCU/ARM_GCC_Support/ewl/lib/armv6-m\libc.a(strchr.o)
 .debug_loc     0x00003594       0x9d C:/Freescale/CW MCU v10.5/MCU/ARM_GCC_Support/ewl/lib/armv6-m\librt.a(gcc_ctor_dtor.o)
 .debug_loc     0x00003631       0xd9 C:/Freescale/CW MCU v10.5/MCU/ARM_GCC_Support/ewl/lib/armv6-m\librt.a(ROMCopy.o)
 .debug_loc     0x0000370a      0x197 C:/Freescale/CW MCU v10.5/MCU/ARM_GCC_Support/ewl/lib/armv6-m\librt.a(__arm_eabi_init.o)

.debug_aranges  0x00000000      0x6b8
 .debug_aranges
                0x00000000       0x28 ./Project_Settings/Startup_Code/kinetis_sysinit.o
 .debug_aranges
                0x00000028       0x30 ./Project_Settings/Startup_Code/__arm_start.o
 .debug_aranges
                0x00000058       0x20 ./Project_Settings/Startup_Code/__arm_end.o
 .debug_aranges
                0x00000078       0x20 ./Sources/main.o
 .debug_aranges
                0x00000098       0x38 ./Sources/Servo.o
 .debug_aranges
                0x000000d0       0x28 ./Sources/PID.o
 .debug_aranges
                0x000000f8       0x28 ./Sources/Motor.o
 .debug_aranges
                0x00000120       0x68 ./Sources/LineScanCamera.o
 .debug_aranges
                0x00000188       0x38 ./Sources/I2C.o
 .debug_aranges
                0x000001c0       0x48 ./Sources/Control.o
 .debug_aranges
                0x00000208       0x28 ./Sources/Config.o
 .debug_aranges
                0x00000230       0x40 ./Sources/Accel.o
 .debug_aranges
                0x00000270       0x58 ./Sources/ADC.o
 .debug_aranges
                0x000002c8       0x48 ./Sources/system/arm_cm0.o
 .debug_aranges
                0x00000310       0xf8 ./Sources/system/CrystalClock.o
 .debug_aranges
                0x00000408       0x30 ./Sources/system/ARM_SysTick.o
 .debug_aranges
                0x00000438       0x20 C:/Freescale/CW MCU v10.5/MCU/ARM_GCC_Support/ewl/lib/armv6-m\libc.a(exit.o)
 .debug_aranges
                0x00000458       0x20 C:/Freescale/CW MCU v10.5/MCU/ARM_GCC_Support/ewl/lib/armv6-m\libc.a(memset.o)
 .debug_aranges
                0x00000478       0x20 C:/Freescale/CW MCU v10.5/MCU/ARM_GCC_Support/ewl/lib/armv6-m\libc.a(strlen.o)
 .debug_aranges
                0x00000498       0x28 C:/Freescale/CW MCU v10.5/MCU/ARM_GCC_Support/ewl/lib/armv6-m\libc.a(printformat_.o)
 .debug_aranges
                0x000004c0       0x20 C:/Freescale/CW MCU v10.5/MCU/ARM_GCC_Support/ewl/lib/armv6-m\libc.a(scanformat_.o)
 .debug_aranges
                0x000004e0       0x88 C:/Freescale/CW MCU v10.5/MCU/ARM_GCC_Support/ewl/lib/armv6-m\libc.a(ctype_aeabi.o)
 .debug_aranges
                0x00000568       0x20 C:/Freescale/CW MCU v10.5/MCU/ARM_GCC_Support/ewl/lib/armv6-m\libc.a(__strtoul.o)
 .debug_aranges
                0x00000588       0x20 C:/Freescale/CW MCU v10.5/MCU/ARM_GCC_Support/ewl/lib/armv6-m\libc.a(__filll_mem.o)
 .debug_aranges
                0x000005a8       0x20 C:/Freescale/CW MCU v10.5/MCU/ARM_GCC_Support/ewl/lib/armv6-m\libc.a(memchr.o)
 .debug_aranges
                0x000005c8       0x20 C:/Freescale/CW MCU v10.5/MCU/ARM_GCC_Support/ewl/lib/armv6-m\libc.a(memcpy.o)
 .debug_aranges
                0x000005e8       0x20 C:/Freescale/CW MCU v10.5/MCU/ARM_GCC_Support/ewl/lib/armv6-m\libc.a(strchr.o)
 .debug_aranges
                0x00000608       0x28 C:/Freescale/CW MCU v10.5/MCU/ARM_GCC_Support/ewl/lib/armv6-m\librt.a(gcc_ctor_dtor.o)
 .debug_aranges
                0x00000630       0x30 C:/Freescale/CW MCU v10.5/MCU/ARM_GCC_Support/ewl/lib/armv6-m\librt.a(ROMCopy.o)
 .debug_aranges
                0x00000660       0x58 C:/Freescale/CW MCU v10.5/MCU/ARM_GCC_Support/ewl/lib/armv6-m\librt.a(__arm_eabi_init.o)

.debug_macinfo  0x00000000   0x22f785
 .debug_macinfo
                0x00000000    0x27a2c ./Project_Settings/Startup_Code/kinetis_sysinit.o
 .debug_macinfo
                0x00027a2c     0x3e6d ./Project_Settings/Startup_Code/__arm_start.o
 .debug_macinfo
                0x0002b899     0x3456 ./Project_Settings/Startup_Code/__arm_end.o
 .debug_macinfo
                0x0002ecef    0x279f1 ./Sources/main.o
 .debug_macinfo
                0x000566e0    0x279ea ./Sources/Servo.o
 .debug_macinfo
                0x0007e0ca    0x279ea ./Sources/PID.o
 .debug_macinfo
                0x000a5ab4    0x279ea ./Sources/Motor.o
 .debug_macinfo
                0x000cd49e    0x279ea ./Sources/LineScanCamera.o
 .debug_macinfo
                0x000f4e88    0x26679 ./Sources/I2C.o
 .debug_macinfo
                0x0011b501    0x279ea ./Sources/Control.o
 .debug_macinfo
                0x00142eeb    0x279ea ./Sources/Config.o
 .debug_macinfo
                0x0016a8d5    0x279ea ./Sources/Accel.o
 .debug_macinfo
                0x001922bf    0x279ea ./Sources/ADC.o
 .debug_macinfo
                0x001b9ca9    0x2660c ./Sources/system/arm_cm0.o
 .debug_macinfo
                0x001e02b5    0x27ae6 ./Sources/system/CrystalClock.o
 .debug_macinfo
                0x00207d9b    0x279ea ./Sources/system/ARM_SysTick.o

.debug_line     0x00000000     0x460e
 .debug_line    0x00000000      0x30d ./Project_Settings/Startup_Code/kinetis_sysinit.o
 .debug_line    0x0000030d      0x29a ./Project_Settings/Startup_Code/__arm_start.o
 .debug_line    0x000005a7      0x266 ./Project_Settings/Startup_Code/__arm_end.o
 .debug_line    0x0000080d      0x2e8 ./Sources/main.o
 .debug_line    0x00000af5      0x2ff ./Sources/Servo.o
 .debug_line    0x00000df4      0x2d7 ./Sources/PID.o
 .debug_line    0x000010cb      0x2db ./Sources/Motor.o
 .debug_line    0x000013a6      0x42e ./Sources/LineScanCamera.o
 .debug_line    0x000017d4      0x266 ./Sources/I2C.o
 .debug_line    0x00001a3a      0x377 ./Sources/Control.o
 .debug_line    0x00001db1      0x2dd ./Sources/Config.o
 .debug_line    0x0000208e      0x326 ./Sources/Accel.o
 .debug_line    0x000023b4      0x3b3 ./Sources/ADC.o
 .debug_line    0x00002767      0x2bd ./Sources/system/arm_cm0.o
 .debug_line    0x00002a24      0xa18 ./Sources/system/CrystalClock.o
 .debug_line    0x0000343c      0x2f6 ./Sources/system/ARM_SysTick.o
 .debug_line    0x00003732       0x8d C:/Freescale/CW MCU v10.5/MCU/ARM_GCC_Support/ewl/lib/armv6-m\libc.a(exit.o)
 .debug_line    0x000037bf       0x90 C:/Freescale/CW MCU v10.5/MCU/ARM_GCC_Support/ewl/lib/armv6-m\libc.a(memset.o)
 .debug_line    0x0000384f       0x85 C:/Freescale/CW MCU v10.5/MCU/ARM_GCC_Support/ewl/lib/armv6-m\libc.a(strlen.o)
 .debug_line    0x000038d4      0x2c3 C:/Freescale/CW MCU v10.5/MCU/ARM_GCC_Support/ewl/lib/armv6-m\libc.a(printformat_.o)
 .debug_line    0x00003b97      0x2be C:/Freescale/CW MCU v10.5/MCU/ARM_GCC_Support/ewl/lib/armv6-m\libc.a(scanformat_.o)
 .debug_line    0x00003e55      0x1be C:/Freescale/CW MCU v10.5/MCU/ARM_GCC_Support/ewl/lib/armv6-m\libc.a(ctype_aeabi.o)
 .debug_line    0x00004013      0x11e C:/Freescale/CW MCU v10.5/MCU/ARM_GCC_Support/ewl/lib/armv6-m\libc.a(__strtoul.o)
 .debug_line    0x00004131       0xf6 C:/Freescale/CW MCU v10.5/MCU/ARM_GCC_Support/ewl/lib/armv6-m\libc.a(__filll_mem.o)
 .debug_line    0x00004227       0x9f C:/Freescale/CW MCU v10.5/MCU/ARM_GCC_Support/ewl/lib/armv6-m\libc.a(memchr.o)
 .debug_line    0x000042c6       0x8b C:/Freescale/CW MCU v10.5/MCU/ARM_GCC_Support/ewl/lib/armv6-m\libc.a(memcpy.o)
 .debug_line    0x00004351       0x7d C:/Freescale/CW MCU v10.5/MCU/ARM_GCC_Support/ewl/lib/armv6-m\libc.a(strchr.o)
 .debug_line    0x000043ce       0x6c C:/Freescale/CW MCU v10.5/MCU/ARM_GCC_Support/ewl/lib/armv6-m\librt.a(gcc_ctor_dtor.o)
 .debug_line    0x0000443a       0xbd C:/Freescale/CW MCU v10.5/MCU/ARM_GCC_Support/ewl/lib/armv6-m\librt.a(ROMCopy.o)
 .debug_line    0x000044f7      0x117 C:/Freescale/CW MCU v10.5/MCU/ARM_GCC_Support/ewl/lib/armv6-m\librt.a(__arm_eabi_init.o)

.debug_str      0x00000000     0x190e
 .debug_str     0x00000000      0x33c ./Project_Settings/Startup_Code/kinetis_sysinit.o
                                0x379 (size before relaxing)
 .debug_str     0x0000033c       0x85 ./Project_Settings/Startup_Code/__arm_start.o
                                0x199 (size before relaxing)
 .debug_str     0x000003c1       0x41 ./Project_Settings/Startup_Code/__arm_end.o
                                 0xd0 (size before relaxing)
 .debug_str     0x00000402       0x58 ./Sources/main.o
                                0x22b (size before relaxing)
 .debug_str     0x0000045a      0x2fc ./Sources/Servo.o
                                0x5b9 (size before relaxing)
 .debug_str     0x00000756       0x32 ./Sources/PID.o
                                0x1fc (size before relaxing)
 .debug_str     0x00000788       0x35 ./Sources/Motor.o
                                0x347 (size before relaxing)
 .debug_str     0x000007bd      0x1b5 ./Sources/LineScanCamera.o
                                0x4e7 (size before relaxing)
 .debug_str     0x00000972       0xaa ./Sources/I2C.o
                                0x1b9 (size before relaxing)
 .debug_str     0x00000a1c       0x9e ./Sources/Control.o
                                0x2ce (size before relaxing)
 .debug_str     0x00000aba       0x28 ./Sources/Config.o
                                0x340 (size before relaxing)
 .debug_str     0x00000ae2       0x94 ./Sources/Accel.o
                                0x5ce (size before relaxing)
 .debug_str     0x00000b76      0x1db ./Sources/ADC.o
                                0x7bc (size before relaxing)
 .debug_str     0x00000d51       0x74 ./Sources/system/arm_cm0.o
                                0x238 (size before relaxing)
 .debug_str     0x00000dc5      0x23a ./Sources/system/CrystalClock.o
                                0x508 (size before relaxing)
 .debug_str     0x00000fff       0x8d ./Sources/system/ARM_SysTick.o
                                0x267 (size before relaxing)
 .debug_str     0x0000108c       0x54 C:/Freescale/CW MCU v10.5/MCU/ARM_GCC_Support/ewl/lib/armv6-m\libc.a(exit.o)
                                0x157 (size before relaxing)
 .debug_str     0x000010e0       0x23 C:/Freescale/CW MCU v10.5/MCU/ARM_GCC_Support/ewl/lib/armv6-m\libc.a(memset.o)
                                0x140 (size before relaxing)
 .debug_str     0x00001103       0x24 C:/Freescale/CW MCU v10.5/MCU/ARM_GCC_Support/ewl/lib/armv6-m\libc.a(strlen.o)
                                0x140 (size before relaxing)
 .debug_str     0x00001127      0x233 C:/Freescale/CW MCU v10.5/MCU/ARM_GCC_Support/ewl/lib/armv6-m\libc.a(printformat_.o)
                                0x3b3 (size before relaxing)
 .debug_str     0x0000135a      0x184 C:/Freescale/CW MCU v10.5/MCU/ARM_GCC_Support/ewl/lib/armv6-m\libc.a(scanformat_.o)
                                0x3f9 (size before relaxing)
 .debug_str     0x000014de       0x9d C:/Freescale/CW MCU v10.5/MCU/ARM_GCC_Support/ewl/lib/armv6-m\libc.a(ctype_aeabi.o)
                                0x1bc (size before relaxing)
 .debug_str     0x0000157b       0x5b C:/Freescale/CW MCU v10.5/MCU/ARM_GCC_Support/ewl/lib/armv6-m\libc.a(__strtoul.o)
                                0x1fb (size before relaxing)
 .debug_str     0x000015d6       0x25 C:/Freescale/CW MCU v10.5/MCU/ARM_GCC_Support/ewl/lib/armv6-m\libc.a(__filll_mem.o)
                                0x152 (size before relaxing)
 .debug_str     0x000015fb       0x1c C:/Freescale/CW MCU v10.5/MCU/ARM_GCC_Support/ewl/lib/armv6-m\libc.a(memchr.o)
                                0x148 (size before relaxing)
 .debug_str     0x00001617       0x1c C:/Freescale/CW MCU v10.5/MCU/ARM_GCC_Support/ewl/lib/armv6-m\libc.a(memcpy.o)
                                0x138 (size before relaxing)
 .debug_str     0x00001633       0x1c C:/Freescale/CW MCU v10.5/MCU/ARM_GCC_Support/ewl/lib/armv6-m\libc.a(strchr.o)
                                0x137 (size before relaxing)
 .debug_str     0x0000164f      0x126 C:/Freescale/CW MCU v10.5/MCU/ARM_GCC_Support/ewl/lib/armv6-m\librt.a(gcc_ctor_dtor.o)
                                0x181 (size before relaxing)
 .debug_str     0x00001775       0xa1 C:/Freescale/CW MCU v10.5/MCU/ARM_GCC_Support/ewl/lib/armv6-m\librt.a(ROMCopy.o)
                                0x13c (size before relaxing)
 .debug_str     0x00001816       0xf8 C:/Freescale/CW MCU v10.5/MCU/ARM_GCC_Support/ewl/lib/armv6-m\librt.a(__arm_eabi_init.o)
                                0x1b5 (size before relaxing)

.comment        0x00000000       0x79
 .comment       0x00000000       0x79 ./Project_Settings/Startup_Code/kinetis_sysinit.o
                                 0x7a (size before relaxing)
 .comment       0x00000000       0x7a ./Project_Settings/Startup_Code/__arm_start.o
 .comment       0x00000000       0x7a ./Project_Settings/Startup_Code/__arm_end.o
 .comment       0x00000000       0x7a ./Sources/main.o
 .comment       0x00000000       0x7a ./Sources/Servo.o
 .comment       0x00000000       0x7a ./Sources/PID.o
 .comment       0x00000000       0x7a ./Sources/Motor.o
 .comment       0x00000000       0x7a ./Sources/LineScanCamera.o
 .comment       0x00000000       0x7a ./Sources/I2C.o
 .comment       0x00000000       0x7a ./Sources/Control.o
 .comment       0x00000000       0x7a ./Sources/Config.o
 .comment       0x00000000       0x7a ./Sources/Accel.o
 .comment       0x00000000       0x7a ./Sources/ADC.o
 .comment       0x00000000       0x7a ./Sources/system/arm_cm0.o
 .comment       0x00000000       0x7a ./Sources/system/CrystalClock.o
 .comment       0x00000000       0x7a ./Sources/system/ARM_SysTick.o
 .comment       0x00000000       0x7a C:/Freescale/CW MCU v10.5/MCU/ARM_GCC_Support/ewl/lib/armv6-m\libc.a(exit.o)
 .comment       0x00000000       0x7a C:/Freescale/CW MCU v10.5/MCU/ARM_GCC_Support/ewl/lib/armv6-m\libc.a(memset.o)
 .comment       0x00000000       0x7a C:/Freescale/CW MCU v10.5/MCU/ARM_GCC_Support/ewl/lib/armv6-m\libc.a(strlen.o)
 .comment       0x00000000       0x7a C:/Freescale/CW MCU v10.5/MCU/ARM_GCC_Support/ewl/lib/armv6-m\libc.a(printformat_.o)
 .comment       0x00000000       0x7a C:/Freescale/CW MCU v10.5/MCU/ARM_GCC_Support/ewl/lib/armv6-m\libc.a(scanformat_.o)
 .comment       0x00000000       0x7a C:/Freescale/CW MCU v10.5/MCU/ARM_GCC_Support/ewl/lib/armv6-m\libc.a(ctype_aeabi.o)
 .comment       0x00000000       0x7a C:/Freescale/CW MCU v10.5/MCU/ARM_GCC_Support/ewl/lib/armv6-m\libc.a(__strtoul.o)
 .comment       0x00000000       0x7a C:/Freescale/CW MCU v10.5/MCU/ARM_GCC_Support/ewl/lib/armv6-m\libc.a(__filll_mem.o)
 .comment       0x00000000       0x7a C:/Freescale/CW MCU v10.5/MCU/ARM_GCC_Support/ewl/lib/armv6-m\libc.a(memchr.o)
 .comment       0x00000000       0x7a C:/Freescale/CW MCU v10.5/MCU/ARM_GCC_Support/ewl/lib/armv6-m\libc.a(memcpy.o)
 .comment       0x00000000       0x7a C:/Freescale/CW MCU v10.5/MCU/ARM_GCC_Support/ewl/lib/armv6-m\libc.a(strchr.o)
 .comment       0x00000000       0x7a C:/Freescale/CW MCU v10.5/MCU/ARM_GCC_Support/ewl/lib/armv6-m\librt.a(gcc_ctor_dtor.o)
 .comment       0x00000000       0x7a C:/Freescale/CW MCU v10.5/MCU/ARM_GCC_Support/ewl/lib/armv6-m\librt.a(ROMCopy.o)
 .comment       0x00000000       0x7a C:/Freescale/CW MCU v10.5/MCU/ARM_GCC_Support/ewl/lib/armv6-m\librt.a(__arm_eabi_init.o)

.debug_frame    0x00000000     0x1464
 .debug_frame   0x00000000       0x48 ./Project_Settings/Startup_Code/kinetis_sysinit.o
 .debug_frame   0x00000048       0x4c ./Project_Settings/Startup_Code/__arm_start.o
 .debug_frame   0x00000094       0x30 ./Project_Settings/Startup_Code/__arm_end.o
 .debug_frame   0x000000c4       0x34 ./Sources/main.o
 .debug_frame   0x000000f8       0x90 ./Sources/Servo.o
 .debug_frame   0x00000188       0x5c ./Sources/PID.o
 .debug_frame   0x000001e4       0x50 ./Sources/Motor.o
 .debug_frame   0x00000234      0x160 ./Sources/LineScanCamera.o
 .debug_frame   0x00000394       0x90 ./Sources/I2C.o
 .debug_frame   0x00000424       0xe0 ./Sources/Control.o
 .debug_frame   0x00000504       0x48 ./Sources/Config.o
 .debug_frame   0x0000054c       0xa4 ./Sources/Accel.o
 .debug_frame   0x000005f0      0x104 ./Sources/ADC.o
 .debug_frame   0x000006f4       0xcc ./Sources/system/arm_cm0.o
 .debug_frame   0x000007c0      0x390 ./Sources/system/CrystalClock.o
 .debug_frame   0x00000b50       0x70 ./Sources/system/ARM_SysTick.o
 .debug_frame   0x00000bc0       0x2c C:/Freescale/CW MCU v10.5/MCU/ARM_GCC_Support/ewl/lib/armv6-m\libc.a(exit.o)
 .debug_frame   0x00000bec       0x28 C:/Freescale/CW MCU v10.5/MCU/ARM_GCC_Support/ewl/lib/armv6-m\libc.a(memset.o)
 .debug_frame   0x00000c14       0x28 C:/Freescale/CW MCU v10.5/MCU/ARM_GCC_Support/ewl/lib/armv6-m\libc.a(strlen.o)
 .debug_frame   0x00000c3c       0x54 C:/Freescale/CW MCU v10.5/MCU/ARM_GCC_Support/ewl/lib/armv6-m\libc.a(printformat_.o)
 .debug_frame   0x00000c90       0x34 C:/Freescale/CW MCU v10.5/MCU/ARM_GCC_Support/ewl/lib/armv6-m\libc.a(scanformat_.o)
 .debug_frame   0x00000cc4      0x158 C:/Freescale/CW MCU v10.5/MCU/ARM_GCC_Support/ewl/lib/armv6-m\libc.a(ctype_aeabi.o)
 .debug_frame   0x00000e1c       0x30 C:/Freescale/CW MCU v10.5/MCU/ARM_GCC_Support/ewl/lib/armv6-m\libc.a(__strtoul.o)
 .debug_frame   0x00000e4c       0x2c C:/Freescale/CW MCU v10.5/MCU/ARM_GCC_Support/ewl/lib/armv6-m\libc.a(__filll_mem.o)
 .debug_frame   0x00000e78       0x28 C:/Freescale/CW MCU v10.5/MCU/ARM_GCC_Support/ewl/lib/armv6-m\libc.a(memchr.o)
 .debug_frame   0x00000ea0       0x28 C:/Freescale/CW MCU v10.5/MCU/ARM_GCC_Support/ewl/lib/armv6-m\libc.a(memcpy.o)
 .debug_frame   0x00000ec8       0x28 C:/Freescale/CW MCU v10.5/MCU/ARM_GCC_Support/ewl/lib/armv6-m\libc.a(strchr.o)
 .debug_frame   0x00000ef0       0x20 c:/freescale/cw mcu v10.5/cross_tools/arm-none-eabi-gcc-4_7_3/bin/../lib/gcc/arm-none-eabi/4.7.3/armv6-m\libgcc.a(_udivsi3.o)
 .debug_frame   0x00000f10       0x20 c:/freescale/cw mcu v10.5/cross_tools/arm-none-eabi-gcc-4_7_3/bin/../lib/gcc/arm-none-eabi/4.7.3/armv6-m\libgcc.a(_divsi3.o)
 .debug_frame   0x00000f30       0x28 c:/freescale/cw mcu v10.5/cross_tools/arm-none-eabi-gcc-4_7_3/bin/../lib/gcc/arm-none-eabi/4.7.3/armv6-m\libgcc.a(_fixunssfsi.o)
 .debug_frame   0x00000f58       0x2c c:/freescale/cw mcu v10.5/cross_tools/arm-none-eabi-gcc-4_7_3/bin/../lib/gcc/arm-none-eabi/4.7.3/armv6-m\libgcc.a(_fixunsdfsi.o)
 .debug_frame   0x00000f84       0x3c c:/freescale/cw mcu v10.5/cross_tools/arm-none-eabi-gcc-4_7_3/bin/../lib/gcc/arm-none-eabi/4.7.3/armv6-m\libgcc.a(mulsf3.o)
 .debug_frame   0x00000fc0       0x30 c:/freescale/cw mcu v10.5/cross_tools/arm-none-eabi-gcc-4_7_3/bin/../lib/gcc/arm-none-eabi/4.7.3/armv6-m\libgcc.a(subsf3.o)
 .debug_frame   0x00000ff0       0x28 c:/freescale/cw mcu v10.5/cross_tools/arm-none-eabi-gcc-4_7_3/bin/../lib/gcc/arm-none-eabi/4.7.3/armv6-m\libgcc.a(fixsfsi.o)
 .debug_frame   0x00001018       0x28 c:/freescale/cw mcu v10.5/cross_tools/arm-none-eabi-gcc-4_7_3/bin/../lib/gcc/arm-none-eabi/4.7.3/armv6-m\libgcc.a(floatunsisf.o)
 .debug_frame   0x00001040       0x3c c:/freescale/cw mcu v10.5/cross_tools/arm-none-eabi-gcc-4_7_3/bin/../lib/gcc/arm-none-eabi/4.7.3/armv6-m\libgcc.a(adddf3.o)
 .debug_frame   0x0000107c       0x3c c:/freescale/cw mcu v10.5/cross_tools/arm-none-eabi-gcc-4_7_3/bin/../lib/gcc/arm-none-eabi/4.7.3/armv6-m\libgcc.a(divdf3.o)
 .debug_frame   0x000010b8       0x34 c:/freescale/cw mcu v10.5/cross_tools/arm-none-eabi-gcc-4_7_3/bin/../lib/gcc/arm-none-eabi/4.7.3/armv6-m\libgcc.a(eqdf2.o)
 .debug_frame   0x000010ec       0x38 c:/freescale/cw mcu v10.5/cross_tools/arm-none-eabi-gcc-4_7_3/bin/../lib/gcc/arm-none-eabi/4.7.3/armv6-m\libgcc.a(gedf2.o)
 .debug_frame   0x00001124       0x38 c:/freescale/cw mcu v10.5/cross_tools/arm-none-eabi-gcc-4_7_3/bin/../lib/gcc/arm-none-eabi/4.7.3/armv6-m\libgcc.a(ledf2.o)
 .debug_frame   0x0000115c       0x3c c:/freescale/cw mcu v10.5/cross_tools/arm-none-eabi-gcc-4_7_3/bin/../lib/gcc/arm-none-eabi/4.7.3/armv6-m\libgcc.a(muldf3.o)
 .debug_frame   0x00001198       0x38 c:/freescale/cw mcu v10.5/cross_tools/arm-none-eabi-gcc-4_7_3/bin/../lib/gcc/arm-none-eabi/4.7.3/armv6-m\libgcc.a(subdf3.o)
 .debug_frame   0x000011d0       0x2c c:/freescale/cw mcu v10.5/cross_tools/arm-none-eabi-gcc-4_7_3/bin/../lib/gcc/arm-none-eabi/4.7.3/armv6-m\libgcc.a(fixdfsi.o)
 .debug_frame   0x000011fc       0x30 c:/freescale/cw mcu v10.5/cross_tools/arm-none-eabi-gcc-4_7_3/bin/../lib/gcc/arm-none-eabi/4.7.3/armv6-m\libgcc.a(floatsidf.o)
 .debug_frame   0x0000122c       0x2c c:/freescale/cw mcu v10.5/cross_tools/arm-none-eabi-gcc-4_7_3/bin/../lib/gcc/arm-none-eabi/4.7.3/armv6-m\libgcc.a(floatunsidf.o)
 .debug_frame   0x00001258       0x30 c:/freescale/cw mcu v10.5/cross_tools/arm-none-eabi-gcc-4_7_3/bin/../lib/gcc/arm-none-eabi/4.7.3/armv6-m\libgcc.a(truncdfsf2.o)
 .debug_frame   0x00001288       0x2c c:/freescale/cw mcu v10.5/cross_tools/arm-none-eabi-gcc-4_7_3/bin/../lib/gcc/arm-none-eabi/4.7.3/armv6-m\libgcc.a(eqsf2.o)
 .debug_frame   0x000012b4       0x30 c:/freescale/cw mcu v10.5/cross_tools/arm-none-eabi-gcc-4_7_3/bin/../lib/gcc/arm-none-eabi/4.7.3/armv6-m\libgcc.a(gesf2.o)
 .debug_frame   0x000012e4       0x30 c:/freescale/cw mcu v10.5/cross_tools/arm-none-eabi-gcc-4_7_3/bin/../lib/gcc/arm-none-eabi/4.7.3/armv6-m\libgcc.a(lesf2.o)
 .debug_frame   0x00001314       0x40 C:/Freescale/CW MCU v10.5/MCU/ARM_GCC_Support/ewl/lib/armv6-m\librt.a(gcc_ctor_dtor.o)
 .debug_frame   0x00001354       0x54 C:/Freescale/CW MCU v10.5/MCU/ARM_GCC_Support/ewl/lib/armv6-m\librt.a(ROMCopy.o)
 .debug_frame   0x000013a8       0xbc C:/Freescale/CW MCU v10.5/MCU/ARM_GCC_Support/ewl/lib/armv6-m\librt.a(__arm_eabi_init.o)
